id: aliyun:alicloud:alicloud_oss_bucket:kusion-oss
type: Terraform
attributes:
  acl: public-read
  bucket: kusion-oss
extensions:
  provider: registry.terraform.io/aliyun/alicloud/1.153.0
  resourceType: alicloud_oss_bucket
  providerMeta:
    region: cn-beijing
---
id: apps/v1:Deployment:wordpress-example:wordpress-mysql
type: Kubernetes
dependsOn:
- v1:Namespace:wordpress-example
- v1:Secret:wordpress-example:mysql-pass
- v1:Service:wordpress-example:wordpress-mysql
- v1:Service:wordpress-example:wordpress
attributes:
  apiVersion: apps/v1
  kind: Deployment
  metadata:
    name: wordpress-mysql
    namespace: wordpress-example
  spec:
    replicas: 1
    selector:
      matchLabels:
        app.kubernetes.io/name: wordpress-example
        app.kubernetes.io/env: dev
        app.kubernetes.io/instance: wordpress-example-dev
        cluster.x-k8s.io/cluster-name: default
        app: wordpress-mysql
        tier: database
        app.kubernetes.io/component: wordpress-mysql
    template:
      metadata:
        labels:
          app.kubernetes.io/name: wordpress-example
          app.kubernetes.io/env: dev
          app.kubernetes.io/instance: wordpress-example-dev
          cluster.x-k8s.io/cluster-name: default
          app.kubernetes.io/component: wordpress-mysql
          app: wordpress-mysql
          tier: database
      spec:
        containers:
        - env:
          - name: MYSQL_ROOT_PASSWORD
            valueFrom:
              secretKeyRef:
                key: password
                name: mysql-pass
          image: mysql:5.6
          name: mysql
          ports:
          - containerPort: 3306
            name: mysql
            protocol: TCP
          volumeMounts:
          - mountPath: /var/lib/mysql
            name: mysql-persistent-storage
        volumes:
        - name: mysql-persistent-storage
          emptyDir: {}
---
id: apps/v1:Deployment:wordpress-example:wordpress-deployment
type: Kubernetes
dependsOn:
- v1:Namespace:wordpress-example
- v1:Secret:wordpress-example:mysql-pass
- v1:Service:wordpress-example:wordpress-mysql
- v1:Service:wordpress-example:wordpress
attributes:
  apiVersion: apps/v1
  kind: Deployment
  metadata:
    name: wordpress-deployment
    namespace: wordpress-example
  spec:
    replicas: 1
    selector:
      matchLabels:
        app.kubernetes.io/name: wordpress-example
        app.kubernetes.io/env: dev
        app.kubernetes.io/instance: wordpress-example-dev
        cluster.x-k8s.io/cluster-name: default
        app: wordpress-mysql
        tier: frontend
        app.kubernetes.io/component: wordpress-deployment
    template:
      metadata:
        labels:
          app.kubernetes.io/name: wordpress-example
          app.kubernetes.io/env: dev
          app.kubernetes.io/instance: wordpress-example-dev
          cluster.x-k8s.io/cluster-name: default
          app.kubernetes.io/component: wordpress-deployment
          app: wordpress-mysql
          tier: frontend
      spec:
        containers:
        - env:
          - name: WORDPRESS_DB_HOST
            value: wordpress-mysql
          - name: WORDPRESS_DB_PASSWORD
            valueFrom:
              secretKeyRef:
                key: password
                name: mysql-pass
          image: wordpress:4.8-apache
          name: wordpress
          ports:
          - containerPort: 80
            name: wordpress
            protocol: TCP
          volumeMounts:
          - mountPath: /var/www/html
            name: wordpress-persistent-storage
        volumes:
        - name: wordpress-persistent-storage
          emptyDir: {}
---
id: v1:Namespace:wordpress-example
type: Kubernetes
attributes:
  apiVersion: v1
  kind: Namespace
  metadata:
    name: wordpress-example
---
id: v1:Secret:wordpress-example:mysql-pass
type: Kubernetes
dependsOn:
- v1:Namespace:wordpress-example
attributes:
  apiVersion: v1
  data:
    password: MTIzNDU2
  kind: Secret
  type: Opaque
  metadata:
    name: mysql-pass
    namespace: wordpress-example
---
id: v1:Service:wordpress-example:wordpress-mysql
type: Kubernetes
dependsOn:
- v1:Namespace:wordpress-example
- v1:Secret:wordpress-example:mysql-pass
attributes:
  apiVersion: v1
  kind: Service
  metadata:
    name: wordpress-mysql
    namespace: wordpress-example
  spec:
    clusterIP: None
    ports:
    - port: 3306
    selector:
      app: wordpress-mysql
      tier: database
---
id: v1:Service:wordpress-example:wordpress
type: Kubernetes
dependsOn:
- v1:Namespace:wordpress-example
- v1:Secret:wordpress-example:mysql-pass
attributes:
  apiVersion: v1
  kind: Service
  metadata:
    name: wordpress
    namespace: wordpress-example
  spec:
    ports:
    - port: 80
    selector:
      app: wordpress-mysql
      tier: frontend
    type: LoadBalancer
